2025-06-02 09:38:21:Generator :Parameters:[9200, 1, 3, 1, 0, 10.13.1.20, 10.13.1.21, 10.13.1.22]
2025-06-02 09:38:21:Reader    :Kafka=10.13.1.20, volt=10.13.1.21
2025-06-02 09:38:21:Generator :Logging into VoltDB
2025-06-02 09:38:21:Generator :Connect to '10.13.1.21'...
2025-06-02 09:38:21:Generator :Logging into VoltDB
2025-06-02 09:38:21:Generator :Connect to '10.13.1.22'...
2025-06-02 09:38:21:Generator :PARAMS = SLEEP_MS=9200 USER_COUNT=1
2025-06-02 09:38:21:Generator :Site 0:DELETE FROM XDCR_CONFLICTS;
2025-06-02 09:38:21:Reader    :Logging into VoltDB
2025-06-02 09:38:21:Reader    :Connect to 10.13.1.21...
2025-06-02 09:38:22:Generator :Site 0:DELETE FROM XDCR_CONFLICTS_RAW;
2025-06-02 09:38:22:Generator :Site 0:DELETE FROM XDCR_NEEDED_CHANGES;
2025-06-02 09:38:22:Generator :Deleting users from 0 to 0
2025-06-02 09:38:22:Generator :Site [/10.13.1.21:21212] has expected number of 0 rows
2025-06-02 09:38:22:Generator :Site [rosal.chello.ie/10.13.1.22:21212] has 1 rows. Expecting 0
2025-06-02 09:38:22:Generator :Waiting 1 second..
2025-06-02 09:38:23:Generator :Site [badger.chello.ie/10.13.1.21:21212] has expected number of 0 rows
2025-06-02 09:38:23:Generator :Site [rosal.chello.ie/10.13.1.22:21212] has expected number of 0 rows
2025-06-02 09:38:23:Generator :Creating 1 users...
2025-06-02 09:38:23:Generator :Site [badger.chello.ie/10.13.1.21:21212] has expected number of 1 rows
2025-06-02 09:38:23:Generator :Site [rosal.chello.ie/10.13.1.22:21212] has 0 rows. Expecting 1
2025-06-02 09:38:23:Generator :Waiting 1 second..
2025-06-02 09:38:24:Generator :Site [badger.chello.ie/10.13.1.21:21212] has expected number of 1 rows
2025-06-02 09:38:24:Generator :Site [rosal.chello.ie/10.13.1.22:21212] has expected number of 1 rows
2025-06-02 09:38:29:Generator :Sleeping 6000ms so stats are clean... 
2025-06-02 09:38:35:Generator :Saw  [21, 21] preexisting conflicts... 
2025-06-02 09:38:35:Generator :Starting conflict run. RoundRobin = true random user = false randomButOnlyOnceOrder=false RANDOM_REUSE_MS=0
2025-06-02 09:38:35:Generator :On event 0..
2025-06-02 09:38:35:Generator :On event 0, sleep 9200 ms
2025-06-02 09:38:44:Generator :On event 1, sleep 9200 ms
2025-06-02 09:38:49:Reader    :Got 3
2025-06-02 09:38:50:Reader    :Got 3
2025-06-02 09:38:53:Generator :On event 2, sleep 9200 ms
2025-06-02 09:38:58:Reader    :Got 3
2025-06-02 09:38:59:Reader    :Got 3
2025-06-02 09:39:02:Generator :Waiting 10 seconds
2025-06-02 09:39:07:Reader    :Got 2
2025-06-02 09:39:07:Reader    :Got 1
2025-06-02 09:39:08:Reader    :Got 2
2025-06-02 09:39:08:Reader    :Got 1
2025-06-02 09:39:12:Reader    :told to finish
2025-06-02 09:39:12:Generator :Waiting for conflict reader to finish...
2025-06-02 09:39:52:Generator :Waiting for conflict reader to finish...
2025-06-02 09:40:32:Generator :Waiting for conflict reader to finish...
2025-06-02 09:41:08:Reader    :Got 0
2025-06-02 09:41:08:Reader    :Reader Finished
2025-06-02 09:41:12:Generator :0 failures. skips=0, passcount=1
2025-06-02 09:41:12:Generator :tranGaps = 9207 SLEEP_MS=9200
2025-06-02 09:41:12:Generator :Observed 18 raw conflicts
2025-06-02 09:41:12:Generator :Which means 6 real conflicts
2025-06-02 09:41:12:Generator :Over  2 sites...
2025-06-02 09:41:12:Generator :so  3 conflicts...
2025-06-02 09:41:12:Generator :bad Ids:
2025-06-02 09:41:12:Generator :Checking to see if @Statistics is correct...
2025-06-02 09:41:12:Generator :Sleeping 6000ms so stats are clean... 
2025-06-02 09:41:18:Generator :Site [badger.chello.ie/10.13.1.21:21212] @Statistics DRCONFLICTS 0:
2025-06-02 09:41:18:Generator :TIMESTAMP      HOST_ID  HOSTNAME  CLUSTER_ID  REMOTE_CLUSTER_ID  PARTITION_ID  TABLE_NAME  LAST_CONFLICT_TIMESTAMP     TOTAL_CONFLICT_COUNT  DIVERGENCE_COUNT  MISSING_ROW_COUNT  TIMESTAMP_MISMATCH_COUNT  CONSTRAINT_VIOLATION_COUNT 
-------------- -------- --------- ----------- ------------------ ------------- ----------- --------------------------- --------------------- ----------------- ------------------ ------------------------- ---------------------------
 1748853678906        0 badger             21                 22             2 BUSY_USERS  2025-06-02 09:39:03.755000                     24                 0                  0                        24                           0

2025-06-02 09:41:18:Generator :Site [rosal.chello.ie/10.13.1.22:21212] @Statistics DRCONFLICTS 0:
2025-06-02 09:41:18:Generator :TIMESTAMP      HOST_ID  HOSTNAME  CLUSTER_ID  REMOTE_CLUSTER_ID  PARTITION_ID  TABLE_NAME  LAST_CONFLICT_TIMESTAMP     TOTAL_CONFLICT_COUNT  DIVERGENCE_COUNT  MISSING_ROW_COUNT  TIMESTAMP_MISMATCH_COUNT  CONSTRAINT_VIOLATION_COUNT 
-------------- -------- --------- ----------- ------------------ ------------- ----------- --------------------------- --------------------- ----------------- ------------------ ------------------------- ---------------------------
 1748853678908        0 rosal              22                 21             2 BUSY_USERS  2025-06-02 09:39:03.391000                     24                 0                  0                        24                           0

2025-06-02 09:41:18:Generator :Site 0 saw (total/delta) 24/3 conflicts
2025-06-02 09:41:18:Generator :Site 1 saw (total/delta) 24/3 conflicts
2025-06-02 09:41:18:Generator :Statistics agree on how many conflicts happened - 3
