2025-06-02 09:28:50:Generator :Parameters:[9500, 1, 3, 1, 0, 10.13.1.20, 10.13.1.21, 10.13.1.22]
2025-06-02 09:28:50:Reader    :Kafka=10.13.1.20, volt=10.13.1.21
2025-06-02 09:28:50:Generator :Logging into VoltDB
2025-06-02 09:28:50:Generator :Connect to '10.13.1.21'...
2025-06-02 09:28:50:Generator :Logging into VoltDB
2025-06-02 09:28:50:Generator :Connect to '10.13.1.22'...
2025-06-02 09:28:50:Generator :PARAMS = SLEEP_MS=9500 USER_COUNT=1
2025-06-02 09:28:50:Generator :Site 0:DELETE FROM XDCR_CONFLICTS;
2025-06-02 09:28:50:Reader    :Logging into VoltDB
2025-06-02 09:28:50:Reader    :Connect to 10.13.1.21...
2025-06-02 09:28:50:Generator :Site 0:DELETE FROM XDCR_CONFLICTS_RAW;
2025-06-02 09:28:50:Generator :Site 0:DELETE FROM XDCR_NEEDED_CHANGES;
2025-06-02 09:28:50:Generator :Deleting users from 0 to 0
2025-06-02 09:28:50:Generator :Site [badger.chello.ie/10.13.1.21:21212] has expected number of 0 rows
2025-06-02 09:28:51:Generator :Site [rosal.chello.ie/10.13.1.22:21212] has 1 rows. Expecting 0
2025-06-02 09:28:51:Generator :Waiting 1 second..
2025-06-02 09:28:52:Generator :Site [badger.chello.ie/10.13.1.21:21212] has expected number of 0 rows
2025-06-02 09:28:52:Generator :Site [rosal.chello.ie/10.13.1.22:21212] has 1 rows. Expecting 0
2025-06-02 09:28:52:Generator :Waiting 1 second..
2025-06-02 09:28:53:Generator :Site [badger.chello.ie/10.13.1.21:21212] has expected number of 0 rows
2025-06-02 09:28:53:Generator :Site [rosal.chello.ie/10.13.1.22:21212] has expected number of 0 rows
2025-06-02 09:28:53:Generator :Creating 1 users...
2025-06-02 09:28:53:Generator :Site [badger.chello.ie/10.13.1.21:21212] has expected number of 1 rows
2025-06-02 09:28:53:Generator :Site [rosal.chello.ie/10.13.1.22:21212] has 0 rows. Expecting 1
2025-06-02 09:28:53:Generator :Waiting 1 second..
2025-06-02 09:28:54:Generator :Site [badger.chello.ie/10.13.1.21:21212] has expected number of 1 rows
2025-06-02 09:28:54:Generator :Site [rosal.chello.ie/10.13.1.22:21212] has 0 rows. Expecting 1
2025-06-02 09:28:54:Generator :Waiting 1 second..
2025-06-02 09:28:55:Generator :Site [badger.chello.ie/10.13.1.21:21212] has expected number of 1 rows
2025-06-02 09:28:55:Generator :Site [rosal.chello.ie/10.13.1.22:21212] has expected number of 1 rows
2025-06-02 09:29:00:Generator :Sleeping 6000ms so stats are clean... 
2025-06-02 09:29:06:Generator :Saw  [12, 12] preexisting conflicts... 
2025-06-02 09:29:06:Generator :Starting conflict run. RoundRobin = true random user = false randomButOnlyOnceOrder=false RANDOM_REUSE_MS=0
2025-06-02 09:29:06:Generator :On event 0..
2025-06-02 09:29:06:Generator :On event 0, sleep 9500 ms
2025-06-02 09:29:15:Generator :On event 1, sleep 9500 ms
2025-06-02 09:29:20:Reader    :Got 2
2025-06-02 09:29:20:Reader    :Got 1
2025-06-02 09:29:22:Reader    :Got 3
2025-06-02 09:29:25:Generator :On event 2, sleep 9500 ms
2025-06-02 09:29:29:Reader    :Got 2
2025-06-02 09:29:29:Reader    :Got 1
2025-06-02 09:29:31:Reader    :Got 2
2025-06-02 09:29:31:Reader    :Got 1
2025-06-02 09:29:34:Generator :Waiting 10 seconds
2025-06-02 09:29:40:Reader    :Got 2
2025-06-02 09:29:40:Reader    :Got 1
2025-06-02 09:29:40:Reader    :Got 3
2025-06-02 09:29:44:Reader    :told to finish
2025-06-02 09:29:44:Generator :Waiting for conflict reader to finish...
2025-06-02 09:30:24:Generator :Waiting for conflict reader to finish...
2025-06-02 09:31:04:Generator :Waiting for conflict reader to finish...
2025-06-02 09:31:40:Reader    :Got 0
2025-06-02 09:31:40:Reader    :Reader Finished
2025-06-02 09:31:44:Generator :0 failures. skips=0, passcount=1
2025-06-02 09:31:44:Generator :tranGaps = 9505 SLEEP_MS=9500
2025-06-02 09:31:44:Generator :Observed 18 raw conflicts
2025-06-02 09:31:44:Generator :Which means 6 real conflicts
2025-06-02 09:31:44:Generator :Over  2 sites...
2025-06-02 09:31:44:Generator :so  3 conflicts...
2025-06-02 09:31:44:Generator :bad Ids:
2025-06-02 09:31:44:Generator :Checking to see if @Statistics is correct...
2025-06-02 09:31:44:Generator :Sleeping 6000ms so stats are clean... 
2025-06-02 09:31:50:Generator :Site [badger.chello.ie/10.13.1.21:21212] @Statistics DRCONFLICTS 0:
2025-06-02 09:31:50:Generator :TIMESTAMP      HOST_ID  HOSTNAME  CLUSTER_ID  REMOTE_CLUSTER_ID  PARTITION_ID  TABLE_NAME  LAST_CONFLICT_TIMESTAMP     TOTAL_CONFLICT_COUNT  DIVERGENCE_COUNT  MISSING_ROW_COUNT  TIMESTAMP_MISMATCH_COUNT  CONSTRAINT_VIOLATION_COUNT 
-------------- -------- --------- ----------- ------------------ ------------- ----------- --------------------------- --------------------- ----------------- ------------------ ------------------------- ---------------------------
 1748853110820        0 badger             21                 22             2 BUSY_USERS  2025-06-02 09:29:35.703000                     15                 0                  0                        15                           0

2025-06-02 09:31:50:Generator :Site [rosal.chello.ie/10.13.1.22:21212] @Statistics DRCONFLICTS 0:
2025-06-02 09:31:50:Generator :TIMESTAMP      HOST_ID  HOSTNAME  CLUSTER_ID  REMOTE_CLUSTER_ID  PARTITION_ID  TABLE_NAME  LAST_CONFLICT_TIMESTAMP     TOTAL_CONFLICT_COUNT  DIVERGENCE_COUNT  MISSING_ROW_COUNT  TIMESTAMP_MISMATCH_COUNT  CONSTRAINT_VIOLATION_COUNT 
-------------- -------- --------- ----------- ------------------ ------------- ----------- --------------------------- --------------------- ----------------- ------------------ ------------------------- ---------------------------
 1748853110839        0 rosal              22                 21             2 BUSY_USERS  2025-06-02 09:29:36.340000                     15                 0                  0                        15                           0

2025-06-02 09:31:50:Generator :Site 0 saw (total/delta) 15/3 conflicts
2025-06-02 09:31:50:Generator :Site 1 saw (total/delta) 15/3 conflicts
2025-06-02 09:31:50:Generator :Statistics agree on how many conflicts happened - 3
