2025-06-02 09:44:39:Generator :Parameters:[9000, 1, 3, 1, 0, 10.13.1.20, 10.13.1.21, 10.13.1.22]
2025-06-02 09:44:39:Reader    :Kafka=10.13.1.20, volt=10.13.1.21
2025-06-02 09:44:39:Generator :Logging into VoltDB
2025-06-02 09:44:39:Generator :Connect to '10.13.1.21'...
2025-06-02 09:44:40:Generator :Logging into VoltDB
2025-06-02 09:44:40:Generator :Connect to '10.13.1.22'...
2025-06-02 09:44:40:Generator :PARAMS = SLEEP_MS=9000 USER_COUNT=1
2025-06-02 09:44:40:Generator :Site 0:DELETE FROM XDCR_CONFLICTS;
2025-06-02 09:44:40:Reader    :Logging into VoltDB
2025-06-02 09:44:40:Reader    :Connect to 10.13.1.21...
2025-06-02 09:44:40:Generator :Site 0:DELETE FROM XDCR_CONFLICTS_RAW;
2025-06-02 09:44:40:Generator :Site 0:DELETE FROM XDCR_NEEDED_CHANGES;
2025-06-02 09:44:40:Generator :Deleting users from 0 to 0
2025-06-02 09:44:40:Generator :Site [badger.chello.ie/10.13.1.21:21212] has expected number of 0 rows
2025-06-02 09:44:40:Generator :Site [rosal.chello.ie/10.13.1.22:21212] has 1 rows. Expecting 0
2025-06-02 09:44:40:Generator :Waiting 1 second..
2025-06-02 09:44:41:Generator :Site [badger.chello.ie/10.13.1.21:21212] has expected number of 0 rows
2025-06-02 09:44:41:Generator :Site [rosal.chello.ie/10.13.1.22:21212] has 1 rows. Expecting 0
2025-06-02 09:44:41:Generator :Waiting 1 second..
2025-06-02 09:44:42:Generator :Site [badger.chello.ie/10.13.1.21:21212] has expected number of 0 rows
2025-06-02 09:44:42:Generator :Site [rosal.chello.ie/10.13.1.22:21212] has expected number of 0 rows
2025-06-02 09:44:42:Generator :Creating 1 users...
2025-06-02 09:44:42:Generator :Site [badger.chello.ie/10.13.1.21:21212] has expected number of 1 rows
2025-06-02 09:44:42:Generator :Site [rosal.chello.ie/10.13.1.22:21212] has 0 rows. Expecting 1
2025-06-02 09:44:42:Generator :Waiting 1 second..
2025-06-02 09:44:43:Generator :Site [badger.chello.ie/10.13.1.21:21212] has expected number of 1 rows
2025-06-02 09:44:43:Generator :Site [rosal.chello.ie/10.13.1.22:21212] has expected number of 1 rows
2025-06-02 09:44:48:Generator :Sleeping 6000ms so stats are clean... 
2025-06-02 09:44:54:Generator :Saw  [27, 27] preexisting conflicts... 
2025-06-02 09:44:54:Generator :Starting conflict run. RoundRobin = true random user = false randomButOnlyOnceOrder=false RANDOM_REUSE_MS=0
2025-06-02 09:44:54:Generator :On event 0..
2025-06-02 09:44:54:Generator :On event 0, sleep 9000 ms
2025-06-02 09:45:03:Generator :On event 1, sleep 9000 ms
2025-06-02 09:45:07:Reader    :Got 2
2025-06-02 09:45:07:Reader    :Got 1
2025-06-02 09:45:09:Reader    :Got 2
2025-06-02 09:45:09:Reader    :Got 1
2025-06-02 09:45:12:Generator :On event 2, sleep 9000 ms
2025-06-02 09:45:16:Reader    :Got 3
2025-06-02 09:45:18:Reader    :Got 3
2025-06-02 09:45:21:Generator :Waiting 10 seconds
2025-06-02 09:45:26:Reader    :Got 2
2025-06-02 09:45:26:Reader    :Got 1
2025-06-02 09:45:27:Reader    :Got 2
2025-06-02 09:45:27:Reader    :Got 1
2025-06-02 09:45:31:Reader    :told to finish
2025-06-02 09:45:31:Generator :Waiting for conflict reader to finish...
2025-06-02 09:46:11:Generator :Waiting for conflict reader to finish...
2025-06-02 09:46:51:Generator :Waiting for conflict reader to finish...
2025-06-02 09:47:27:Reader    :Got 0
2025-06-02 09:47:27:Reader    :Reader Finished
2025-06-02 09:47:31:Generator :0 failures. skips=0, passcount=1
2025-06-02 09:47:31:Generator :tranGaps = 9008 SLEEP_MS=9000
2025-06-02 09:47:31:Generator :Observed 18 raw conflicts
2025-06-02 09:47:31:Generator :Which means 6 real conflicts
2025-06-02 09:47:31:Generator :Over  2 sites...
2025-06-02 09:47:31:Generator :so  3 conflicts...
2025-06-02 09:47:31:Generator :bad Ids:
2025-06-02 09:47:31:Generator :Checking to see if @Statistics is correct...
2025-06-02 09:47:31:Generator :Sleeping 6000ms so stats are clean... 
2025-06-02 09:47:37:Generator :Site [badger.chello.ie/10.13.1.21:21212] @Statistics DRCONFLICTS 0:
2025-06-02 09:47:37:Generator :TIMESTAMP      HOST_ID  HOSTNAME  CLUSTER_ID  REMOTE_CLUSTER_ID  PARTITION_ID  TABLE_NAME  LAST_CONFLICT_TIMESTAMP     TOTAL_CONFLICT_COUNT  DIVERGENCE_COUNT  MISSING_ROW_COUNT  TIMESTAMP_MISMATCH_COUNT  CONSTRAINT_VIOLATION_COUNT 
-------------- -------- --------- ----------- ------------------ ------------- ----------- --------------------------- --------------------- ----------------- ------------------ ------------------------- ---------------------------
 1748854057414        0 badger             21                 22             2 BUSY_USERS  2025-06-02 09:45:22.789000                     30                 0                  0                        30                           0

2025-06-02 09:47:37:Generator :Site [rosal.chello.ie/10.13.1.22:21212] @Statistics DRCONFLICTS 0:
2025-06-02 09:47:37:Generator :TIMESTAMP      HOST_ID  HOSTNAME  CLUSTER_ID  REMOTE_CLUSTER_ID  PARTITION_ID  TABLE_NAME  LAST_CONFLICT_TIMESTAMP     TOTAL_CONFLICT_COUNT  DIVERGENCE_COUNT  MISSING_ROW_COUNT  TIMESTAMP_MISMATCH_COUNT  CONSTRAINT_VIOLATION_COUNT 
-------------- -------- --------- ----------- ------------------ ------------- ----------- --------------------------- --------------------- ----------------- ------------------ ------------------------- ---------------------------
 1748854057425        0 rosal              22                 21             2 BUSY_USERS  2025-06-02 09:45:22.426000                     30                 0                  0                        30                           0

2025-06-02 09:47:37:Generator :Site 0 saw (total/delta) 30/3 conflicts
2025-06-02 09:47:37:Generator :Site 1 saw (total/delta) 30/3 conflicts
2025-06-02 09:47:37:Generator :Statistics agree on how many conflicts happened - 3
